10.0.1.1 - - [19/Dec/2013:14:29:50 +0800] "GET / HTTP/1.1" 200 612 "-" "Mozilla/5.0 (Windows NT 6.1; WOW64) AppleWebKit/537.36 (KHTML, like Gecko) Chrome/30.0.1599.101 Safari/537.36"
10.0.1.1 - - [19/Dec/2013:14:29:51 +0800] "GET /favicon.ico HTTP/1.1" 404 570 "-" "Mozilla/5.0 (Windows NT 6.1; WOW64) AppleWebKit/537.36 (KHTML, like Gecko) Chrome/30.0.1599.101 Safari/537.36"
10.0.1.1 - - [19/Dec/2013:15:13:05 +0800] "GET / HTTP/1.1" 304 0 "-" "Mozilla/5.0 (Windows NT 6.1; WOW64) AppleWebKit/537.36 (KHTML, like Gecko) Chrome/30.0.1599.101 Safari/537.36"
219.140.194.134 - - [19/Dec/2013:15:20:56 +0800] "HEAD / HTTP/1.0" 200 0 "-" "Mozilla/5.0 (compatible; MSIE 7.0; Windows NT 5.1; .NET CLR 1.1.4322) 360JK yunjiankong"
219.140.194.134 - - [19/Dec/2013:15:20:59 +0800] "GET /favicon.ico HTTP/1.0" 404 570 "-" "Mozilla/4.0 (compatible; MSIE 7.0; Windows NT 5.1; Trident/4.0; .NET CLR 2.0.50727; 360space)"
219.140.194.134 - - [19/Dec/2013:15:21:10 +0800] "HEAD / HTTP/1.0" 200 0 "-" "Mozilla/5.0 (compatible; MSIE 7.0; Windows NT 5.1; .NET CLR 1.1.4322) 360JK yunjiankong"
219.140.194.134 - - [19/Dec/2013:15:21:41 +0800] "GET /node/add/tsjg HTTP/1.0" 404 168 "-" "Mozilla/5.0 (Macintosh; Intel Mac OS X 10_6_8) AppleWebKit/534.59.8 (KHTML, like Gecko) Version/5.1.9 Safari/534.59.8"
219.140.194.134 - - [19/Dec/2013:15:21:46 +0800] "GET /rss.xml?_=1387438527904 HTTP/1.0" 404 570 "-" "Mozilla/5.0 (Windows NT 6.1; WOW64) AppleWebKit/537.36 (KHTML, like Gecko) Chrome/27.0.1453.110 Safari/537.36 CoolNovo/2.0.9.20"
219.140.194.134 - - [19/Dec/2013:15:22:02 +0800] "GET / HTTP/1.0" 200 612 "-" "Mozilla/5.0 (Windows NT 6.1; WOW64) AppleWebKit/537.36 (KHTML, like Gecko) Chrome/30.0.1599.101 Safari/537.36"
219.140.194.134 - - [19/Dec/2013:15:23:42 +0800] "HEAD / HTTP/1.0" 200 0 "-" "Mozilla/5.0 (compatible; MSIE 7.0; Windows NT 5.1; .NET CLR 1.1.4322) 360JK yunjiankong"
219.140.194.134 - - [19/Dec/2013:15:24:27 +0800] "GET /node/2 HTTP/1.0" 404 168 "http://lib.whsw.cn/" "Mozilla/5.0 (Macintosh; Intel Mac OS X 10_6_8) AppleWebKit/534.59.8 (KHTML, like Gecko) Version/5.1.9 Safari/534.59.8"
219.140.194.134 - - [19/Dec/2013:15:25:11 +0800] "GET /qxs/taxonomy/term/2/0 HTTP/1.0" 404 168 "-" "Mozilla/5.0 (compatible; Baiduspider/2.0; +http://www.baidu.com/search/spider.html)"
219.140.194.134 - - [19/Dec/2013:15:25:45 +0800] "HEAD / HTTP/1.0" 200 0 "-" "Mozilla/5.0 (compatible; MSIE 7.0; Windows NT 5.1; .NET CLR 1.1.4322) 360JK yunjiankong"
219.140.194.134 - - [19/Dec/2013:15:25:55 +0800] "GET / HTTP/1.0" 200 612 "http://www.baidu.com/s?wd=%E6%AD%A6%E6%B1%89%E7%94%9F%E7%89%A9%E5%B7%A5%E7%A8%8B%E5%AD%A6%E9%99%A2%E5%9B%BE%E4%B9%A6%E9%A6%86&ie=utf-8&tn=22073019_2_dns" "Mozilla/4.0 (compatible; MSIE 8.0; Windows NT 6.1; Trident/4.0; SLCC2; .NET CLR 2.0.50727; .NET CLR 3.5.30729; .NET CLR 3.0.30729)"
219.140.194.134 - - [19/Dec/2013:15:25:55 +0800] "GET /favicon.ico HTTP/1.0" 404 570 "-" "Mozilla/4.0 (compatible; MSIE 8.0; Windows NT 6.1; Trident/4.0; SLCC2; .NET CLR 2.0.50727; .NET CLR 3.5.30729; .NET CLR 3.0.30729)"
219.140.194.134 - - [19/Dec/2013:15:25:59 +0800] "GET /favicon.ico HTTP/1.0" 404 570 "-" "Mozilla/4.0 (compatible; MSIE 8.0; Windows NT 6.1; Trident/4.0; SLCC2; .NET CLR 2.0.50727; .NET CLR 3.5.30729; .NET CLR 3.0.30729)"
219.140.194.134 - - [19/Dec/2013:15:26:06 +0800] "GET /favicon.ico HTTP/1.0" 404 570 "-" "Mozilla/4.0 (compatible; MSIE 8.0; Windows NT 6.1; Trident/4.0; SLCC2; .NET CLR 2.0.50727; .NET CLR 3.5.30729; .NET CLR 3.0.30729)"
219.140.194.134 - - [19/Dec/2013:15:26:10 +0800] "HEAD / HTTP/1.0" 200 0 "-" "Mozilla/5.0 (compatible; MSIE 7.0; Windows NT 5.1; .NET CLR 1.1.4322) 360JK yunjiankong"
219.140.194.134 - - [19/Dec/2013:15:26:46 +0800] "GET /rss.xml?_=1387438828107 HTTP/1.0" 404 570 "-" "Mozilla/5.0 (Windows NT 6.1; WOW64) AppleWebKit/537.36 (KHTML, like Gecko) Chrome/27.0.1453.110 Safari/537.36 CoolNovo/2.0.9.20"
219.140.194.134 - - [19/Dec/2013:15:26:52 +0800] "GET /default.aspx/bggk/60/web/bggk/gcfb.aspx HTTP/1.0" 404 168 "-" "Mozilla/5.0 (compatible; Googlebot/2.1; +http://www.google.com/bot.html)"
219.140.194.134 - - [19/Dec/2013:15:26:58 +0800] "GET /ele HTTP/1.0" 404 570 "http://lib.whsw.cn/" "Mozilla/5.0 (Windows NT 6.1; WOW64) AppleWebKit/537.1 (KHTML, like Gecko) Chrome/21.0.1180.89 Safari/537.1"
219.140.194.134 - - [19/Dec/2013:15:26:58 +0800] "GET /favicon.ico HTTP/1.0" 404 570 "-" "Mozilla/5.0 (Windows NT 6.1; WOW64) AppleWebKit/537.1 (KHTML, like Gecko) Chrome/21.0.1180.89 Safari/537.1"
219.140.194.134 - - [19/Dec/2013:15:27:10 +0800] "GET / HTTP/1.0" 200 612 "-" "Mozilla/4.0 (compatible; MSIE 8.0; Windows NT 6.1; Trident/4.0; SLCC2; .NET CLR 2.0.50727; .NET CLR 3.5.30729; .NET CLR 3.0.30729)"
219.140.194.134 - - [19/Dec/2013:15:27:24 +0800] "GET / HTTP/1.0" 200 612 "http://www.whsw.net/" "Mozilla/5.0 (Windows NT 6.1; WOW64) AppleWebKit/537.1 (KHTML, like Gecko) Chrome/21.0.1180.89 Safari/537.1"
219.140.194.134 - - [19/Dec/2013:15:27:24 +0800] "GET /favicon.ico HTTP/1.0" 404 570 "-" "Mozilla/5.0 (Windows NT 6.1; WOW64) AppleWebKit/537.1 (KHTML, like Gecko) Chrome/21.0.1180.89 Safari/537.1"
219.140.194.134 - - [19/Dec/2013:15:27:43 +0800] "GET /favicon.ico HTTP/1.0" 404 570 "-" "Mozilla/5.0 (Windows NT 6.1; WOW64) AppleWebKit/537.1 (KHTML, like Gecko) Chrome/21.0.1180.89 Safari/537.1"
219.140.194.134 - - [19/Dec/2013:15:28:19 +0800] "GET / HTTP/1.0" 200 612 "-" "Mozilla/4.0 (compatible; MSIE 6.0; Windows NT 5.1; SV1; JianKongBao Monitor 1.1)"
219.140.194.134 - - [19/Dec/2013:15:28:19 +0800] "GET / HTTP/1.0" 200 612 "-" "Mozilla/4.0 (compatible; MSIE 6.0; Windows NT 5.1; SV1; JianKongBao Monitor 1.1)"
219.140.194.134 - - [19/Dec/2013:15:28:22 +0800] "HEAD / HTTP/1.0" 200 0 "-" "Mozilla/5.0 (compatible; MSIE 7.0; Windows NT 5.1; .NET CLR 1.1.4322) 360JK yunjiankong"
219.140.194.134 - - [19/Dec/2013:15:28:39 +0800] "GET /node/3 HTTP/1.0" 404 168 "http://lib.whsw.cn/" "Mozilla/5.0 (Macintosh; Intel Mac OS X 10_6_8) AppleWebKit/534.59.8 (KHTML, like Gecko) Version/5.1.9 Safari/534.59.8"
219.140.194.134 - - [19/Dec/2013:15:28:54 +0800] "GET /rss.xml HTTP/1.0" 404 168 "-" "Mozilla/4.0 (compatible; Windows;)"
219.140.194.162 - - [19/Dec/2013:15:29:44 +0800] "GET / HTTP/1.1" 200 612 "-" "Mozilla/5.0 (Windows NT 6.1; WOW64) AppleWebKit/537.36 (KHTML, like Gecko) Chrome/30.0.1599.101 Safari/537.36"
219.140.194.162 - - [19/Dec/2013:15:29:47 +0800] "GET / HTTP/1.1" 304 0 "-" "Mozilla/5.0 (Windows NT 6.1; WOW64) AppleWebKit/537.36 (KHTML, like Gecko) Chrome/30.0.1599.101 Safari/537.36"
66.249.64.6 - - [19/Dec/2013:15:29:52 +0800] "GET /NTRdrBookRetrInfo.aspx?NEWBOOK=newbook&NewBIBNO=463666&BookRecno=7584 HTTP/1.1" 404 168 "-" "Mozilla/5.0 (compatible; Googlebot/2.1; +http://www.google.com/bot.html)"
66.249.64.2 - - [19/Dec/2013:15:29:55 +0800] "GET /BookRetrInfo.aspx?nRecno=21515&TABNAME=ILASBIBLIOS&DISP=Holding&strISBN=978-7-5641-4273-5&nType=242 HTTP/1.1" 404 168 "-" "Mozilla/5.0 (compatible; Googlebot/2.1; +http://www.google.com/bot.html)"
219.140.194.134 - - [19/Dec/2013:15:30:08 +0800] "GET / HTTP/1.0" 304 0 "-" "Mozilla/5.0 (Windows NT 6.1; WOW64) AppleWebKit/537.36 (KHTML, like Gecko) Chrome/30.0.1599.101 Safari/537.36"
219.140.194.134 - - [19/Dec/2013:15:30:09 +0800] "GET / HTTP/1.0" 304 0 "-" "Mozilla/5.0 (Windows NT 6.1; WOW64) AppleWebKit/537.36 (KHTML, like Gecko) Chrome/30.0.1599.101 Safari/537.36"
219.140.194.134 - - [19/Dec/2013:15:30:09 +0800] "GET / HTTP/1.0" 304 0 "-" "Mozilla/5.0 (Windows NT 6.1; WOW64) AppleWebKit/537.36 (KHTML, like Gecko) Chrome/30.0.1599.101 Safari/537.36"
66.249.64.5 - - [19/Dec/2013:15:30:20 +0800] "GET /NTRdrBookRetrInfo.aspx?NEWBOOK=newbook&NewBIBNO=463667&BookRecno=7583 HTTP/1.1" 404 168 "-" "Mozilla/5.0 (compatible; Googlebot/2.1; +http://www.google.com/bot.html)"
66.249.64.5 - - [19/Dec/2013:15:30:35 +0800] "GET /NTRdrBookRetr.aspx?strKeyValue2=2&strKeyValueLanguage=1&strTypeLanguage=language&strAllPublish=&strAllAuthor=&strAllPubyear=&strKeyValue=%E7%94%98%E7%99%BB%E5%B2%B1&strType=author&strVip2=&strStartYear=&strEndYear=&strPublisher=&strAuthorer= HTTP/1.1" 404 168 "-" "Mozilla/5.0 (compatible; Googlebot/2.1; +http://www.google.com/bot.html)"
157.56.92.165 - - [19/Dec/2013:15:30:40 +0800] "GET /robots.txt HTTP/1.1" 404 168 "-" "Mozilla/5.0 (compatible; bingbot/2.0; +http://www.bing.com/bingbot.htm)"
113.57.158.185 - - [19/Dec/2013:15:30:46 +0800] "GET /favicon.ico HTTP/1.1" 404 570 "-" "Mozilla/5.0 (Windows NT 6.1; WOW64) AppleWebKit/537.31 (KHTML, like Gecko) Chrome/26.0.1410.64 Safari/537.31"
113.57.158.185 - - [19/Dec/2013:15:30:46 +0800] "GET / HTTP/1.1" 200 612 "-" "Mozilla/5.0 (Windows NT 6.1; WOW64) AppleWebKit/537.31 (KHTML, like Gecko) Chrome/26.0.1410.64 Safari/537.31"
219.140.194.134 - - [19/Dec/2013:15:30:46 +0800] "HEAD / HTTP/1.0" 200 0 "-" "Mozilla/5.0 (compatible; MSIE 7.0; Windows NT 5.1; .NET CLR 1.1.4322) 360JK yunjiankong"
123.125.80.235 - - [19/Dec/2013:15:30:46 +0800] "HEAD / HTTP/1.1" 200 0 "-" "Mozilla/5.0 (compatible; MSIE 7.0; Windows NT 5.1; .NET CLR 1.1.4322) 360JK yunjiankong"
123.125.80.235 - - [19/Dec/2013:15:30:46 +0800] "HEAD / HTTP/1.1" 200 0 "-" "Mozilla/5.0 (compatible; MSIE 7.0; Windows NT 5.1; .NET CLR 1.1.4322) 360JK yunjiankong"
123.125.80.235 - - [19/Dec/2013:15:30:46 +0800] "HEAD / HTTP/1.1" 200 0 "-" "Mozilla/5.0 (compatible; MSIE 7.0; Windows NT 5.1; .NET CLR 1.1.4322) 360JK yunjiankong"
113.57.158.185 - - [19/Dec/2013:15:30:46 +0800] "GET /favicon.ico HTTP/1.1" 404 570 "-" "Mozilla/5.0 (Windows NT 6.1; WOW64) AppleWebKit/537.31 (KHTML, like Gecko) Chrome/26.0.1410.64 Safari/537.31"
66.249.64.6 - - [19/Dec/2013:15:30:53 +0800] "GET /NTRdrBookRetrInfo.aspx?NEWBOOK=newbook&NewBIBNO=463668&BookRecno=7582 HTTP/1.1" 404 168 "-" "Mozilla/5.0 (compatible; Googlebot/2.1; +http://www.google.com/bot.html)"
113.142.163.60 - - [19/Dec/2013:15:31:07 +0800] "GET /favicon.ico HTTP/1.1" 404 570 "-" "Mozilla/4.0 (compatible; MSIE 7.0; Windows NT 5.1; Trident/4.0; .NET CLR 2.0.50727; 360space)"
219.140.194.134 - - [19/Dec/2013:15:31:10 +0800] "HEAD / HTTP/1.0" 200 0 "-" "Mozilla/5.0 (compatible; MSIE 7.0; Windows NT 5.1; .NET CLR 1.1.4322) 360JK yunjiankong"
180.153.229.140 - - [19/Dec/2013:15:31:10 +0800] "HEAD / HTTP/1.1" 200 0 "-" "Mozilla/5.0 (compatible; MSIE 7.0; Windows NT 5.1; .NET CLR 1.1.4322) 360JK yunjiankong"
180.153.229.140 - - [19/Dec/2013:15:31:10 +0800] "HEAD / HTTP/1.1" 200 0 "-" "Mozilla/5.0 (compatible; MSIE 7.0; Windows NT 5.1; .NET CLR 1.1.4322) 360JK yunjiankong"
180.153.229.140 - - [19/Dec/2013:15:31:10 +0800] "HEAD / HTTP/1.1" 200 0 "-" "Mozilla/5.0 (compatible; MSIE 7.0; Windows NT 5.1; .NET CLR 1.1.4322) 360JK yunjiankong"
180.153.229.139 - - [19/Dec/2013:15:31:10 +0800] "HEAD / HTTP/1.1" 200 0 "-" "Mozilla/5.0 (compatible; MSIE 7.0; Windows NT 5.1; .NET CLR 1.1.4322) 360JK yunjiankong"
54.250.120.19 - - [19/Dec/2013:15:31:11 +0800] "HEAD / HTTP/1.1" 200 0 "-" "Mozilla/5.0 (compatible; MSIE 7.0; Windows NT 5.1; .NET CLR 1.1.4322) 360JK yunjiankong"
66.249.64.5 - - [19/Dec/2013:15:31:11 +0800] "GET /NTRdrBookRetrInfo.aspx?NEWBOOK=newbook&NewBIBNO=463670&BookRecno=7581 HTTP/1.1" 404 168 "-" "Mozilla/5.0 (compatible; Googlebot/2.1; +http://www.google.com/bot.html)"
113.57.158.185 - - [19/Dec/2013:15:31:18 +0800] "GET /favicon.ico HTTP/1.1" 404 570 "-" "Mozilla/5.0 (Windows NT 6.1; WOW64) AppleWebKit/537.31 (KHTML, like Gecko) Chrome/26.0.1410.64 Safari/537.31"
54.250.120.19 - - [19/Dec/2013:15:31:19 +0800] "GET /favicon.ico HTTP/1.1" 404 570 "-" "Mozilla/5.0 (Windows NT 6.1; WOW64) AppleWebKit/537.31 (KHTML, like Gecko) Chrome/26.0.1410.64 Safari/537.31"
219.140.194.134 - - [19/Dec/2013:15:31:20 +0800] "GET / HTTP/1.0" 200 612 "-" "Mozilla/5.0 (Windows NT 6.1; WOW64) AppleWebKit/537.31 (KHTML, like Gecko) Chrome/26.0.1410.64 Safari/537.31"
66.249.64.5 - - [19/Dec/2013:15:31:22 +0800] "GET /NTRdrBookRetr.aspx?strKeyValue2=2&strKeyValuePubyear=2009&strTypePubyear=pubyear&strAllPublish=&strAllAuthor=&strKeyValue=%E7%8E%8B%E6%99%93%E4%B8%9C&strType=author&strVip2=&strStartYear=&strEndYear=&strPublisher=&strAuthorer= HTTP/1.1" 404 168 "-" "Mozilla/5.0 (iPhone; CPU iPhone OS 6_0 like Mac OS X) AppleWebKit/536.26 (KHTML, like Gecko) Version/6.0 Mobile/10A5376e Safari/8536.25 (compatible; Googlebot-Mobile/2.1; +http://www.google.com/bot.html)"
113.57.158.185 - - [19/Dec/2013:15:31:28 +0800] "GET / HTTP/1.1" 200 612 "-" "Mozilla/5.0 (Windows NT 6.1; WOW64) AppleWebKit/537.31 (KHTML, like Gecko) Chrome/26.0.1410.64 Safari/537.31"
113.57.158.185 - - [19/Dec/2013:15:31:32 +0800] "GET / HTTP/1.1" 304 0 "-" "Mozilla/5.0 (Windows NT 6.1; WOW64) AppleWebKit/537.31 (KHTML, like Gecko) Chrome/26.0.1410.64 Safari/537.31"
66.249.64.5 - - [19/Dec/2013:15:31:34 +0800] "GET /NTRdrBookRetr.aspx?strType=name&strKeyValue=%E7%A7%91%E6%8A%80%E7%9F%A5%E8%AF%86%E8%AE%B2%E5%BA%A7%E6%96%87%E9%9B%86 HTTP/1.1" 404 168 "-" "Mozilla/5.0 (compatible; Googlebot/2.1; +http://www.google.com/bot.html)"
219.140.194.134 - - [19/Dec/2013:15:31:39 +0800] "GET /rss.xml HTTP/1.0" 404 168 "-" "Mozilla/5.0 (compatible;YoudaoFeedFetcher/1.0;http://www.youdao.com/help/reader/faq/topic006/;1 subscribers;)"
123.125.80.222 - - [19/Dec/2013:15:31:43 +0800] "HEAD / HTTP/1.1" 200 0 "-" "Mozilla/5.0 (compatible; MSIE 7.0; Windows NT 5.1; .NET CLR 1.1.4322) 360JK yunjiankong"
54.250.120.19 - - [19/Dec/2013:15:31:43 +0800] "HEAD / HTTP/1.1" 200 0 "-" "Mozilla/5.0 (compatible; MSIE 7.0; Windows NT 5.1; .NET CLR 1.1.4322) 360JK yunjiankong"
66.249.64.6 - - [19/Dec/2013:15:31:46 +0800] "GET /NTRdrBookRetrInfo.aspx?NEWBOOK=newbook&NewBIBNO=463671&BookRecno=7579 HTTP/1.1" 404 168 "-" "Mozilla/5.0 (compatible; Googlebot/2.1; +http://www.google.com/bot.html)"
219.140.194.134 - - [19/Dec/2013:15:31:46 +0800] "GET /rss.xml?_=1387439128291 HTTP/1.0" 404 570 "-" "Mozilla/5.0 (Windows NT 6.1; WOW64) AppleWebKit/537.36 (KHTML, like Gecko) Chrome/27.0.1453.110 Safari/537.36 CoolNovo/2.0.9.20"
66.249.64.5 - - [19/Dec/2013:15:31:55 +0800] "GET /NTRdrBookRetrInfo.aspx?NEWBOOK=newbook&NewBIBNO=463672&BookRecno=7580 HTTP/1.1" 404 168 "-" "Mozilla/5.0 (compatible; Googlebot/2.1; +http://www.google.com/bot.html)"
66.249.64.5 - - [19/Dec/2013:15:32:04 +0800] "GET /NTRdrBookRetrInfo.aspx?NEWBOOK=newbook&NewBIBNO=463673&BookRecno=7578 HTTP/1.1" 404 168 "-" "Mozilla/5.0 (compatible; Googlebot/2.1; +http://www.google.com/bot.html)"
66.249.64.5 - - [19/Dec/2013:15:32:12 +0800] "GET /NTRdrBookRetr.aspx?strType=author&strKeyValue=%E5%88%98%E7%91%9B%2C+%E7%8E%8B%E4%BE%83%2C+%E5%BC%A0%E4%BB%8E%E9%B9%8F HTTP/1.1" 404 168 "-" "Mozilla/5.0 (compatible; Googlebot/2.1; +http://www.google.com/bot.html)"
66.249.64.4 - - [19/Dec/2013:15:32:19 +0800] "GET /NTRdrBookRetrInfo.aspx?NEWBOOK=newbook&NewBIBNO=463674&BookRecno=7577 HTTP/1.1" 404 168 "-" "Mozilla/5.0 (compatible; Googlebot/2.1; +http://www.google.com/bot.html)"
66.249.64.4 - - [19/Dec/2013:15:32:25 +0800] "GET /NTRdrBookRetrInfo.aspx?NEWBOOK=newbook&NewBIBNO=463675&BookRecno=7576 HTTP/1.1" 404 168 "-" "Mozilla/5.0 (compatible; Googlebot/2.1; +http://www.google.com/bot.html)"
66.249.64.4 - - [19/Dec/2013:15:32:31 +0800] "GET /NTRdrBookRetr.aspx?strKeyValue2=2&strKeyValuePublish=%E6%9C%BA%E6%A2%B0%E5%B7%A5%E4%B8%9A%E5%87%BA%E7%89%88%E7%A4%BE&strTypePublish=publish&tabletype=*&strAllAuthor=&strAllPubyear=&strAllLanguage=&strKeyValue=%E7%94%98%E7%99%BB%E5%B2%B1&strType=author&strVip2=&strStartYear=&strEndYear=&strPublisher=&strAuthorer= HTTP/1.1" 404 168 "-" "Mozilla/5.0 (compatible; Googlebot/2.1; +http://www.google.com/bot.html)"
221.232.145.66 - - [19/Dec/2013:15:32:36 +0800] "GET / HTTP/1.1" 200 612 "-" "Mozilla/4.0 (compatible; MSIE 7.0; Windows NT 5.1; Trident/4.0)"
66.249.64.4 - - [19/Dec/2013:15:32:39 +0800] "GET /NTRdrBookRetrInfo.aspx?NEWBOOK=newbook&NewBIBNO=463676&BookRecno=7575 HTTP/1.1" 404 168 "-" "Mozilla/5.0 (compatible; Googlebot/2.1; +http://www.google.com/bot.html)"
219.140.194.134 - - [19/Dec/2013:15:32:46 +0800] "GET /BookRetrInfo.aspx?nRecno=13823&nType=1&strISBN=7-02-003627-9 HTTP/1.1" 404 168 "-" "Mozilla/5.0 (Linux; U; Android 4.2.2; zh-cn; HUAWEI HN3-U01 Build/HuaweiHN3-U01) AppleWebKit/534.30 (KHTML, like Gecko) Version/4.0 Mobile Safari/534.30 MicroMessenger/5.0.3.1.355"
66.249.64.6 - - [19/Dec/2013:15:32:48 +0800] "GET /NTRdrBookRetr.aspx?strType=name&strKeyValue=%E5%85%AC%E5%8A%A1%E5%91%98%E5%81%A5%E5%BA%B7%E8%87%AA%E6%88%91%E7%AE%A1%E7%90%86 HTTP/1.1" 404 168 "-" "Mozilla/5.0 (compatible; Googlebot/2.1; +http://www.google.com/bot.html)"
219.140.194.134 - - [19/Dec/2013:15:32:50 +0800] "GET /BookRetrInfo.aspx?nRecno=13823&nType=1&strISBN=7-02-003627-9 HTTP/1.1" 404 168 "-" "Mozilla/5.0 (Linux; U; Android 4.2.2; zh-cn; HUAWEI HN3-U01 Build/HuaweiHN3-U01) AppleWebKit/534.30 (KHTML, like Gecko) Version/4.0 Mobile Safari/534.30 MicroMessenger/5.0.3.1.355"
219.140.194.134 - - [19/Dec/2013:15:32:52 +0800] "GET /BookRetrInfo.aspx?nRecno=10242&nType=1&strISBN=7-5080-0625-9 HTTP/1.1" 404 168 "-" "Mozilla/5.0 (Linux; U; Android 4.2.2; zh-cn; HUAWEI HN3-U01 Build/HuaweiHN3-U01) AppleWebKit/534.30 (KHTML, like Gecko) Version/4.0 Mobile Safari/534.30 MicroMessenger/5.0.3.1.355"
219.140.194.134 - - [19/Dec/2013:15:32:56 +0800] "GET /BookRetrInfo.aspx?nRecno=61507&nType=1&strISBN=7-80017-437-9 HTTP/1.1" 404 168 "-" "Mozilla/5.0 (Linux; U; Android 4.2.2; zh-cn; HUAWEI HN3-U01 Build/HuaweiHN3-U01) AppleWebKit/534.30 (KHTML, like Gecko) Version/4.0 Mobile Safari/534.30 MicroMessenger/5.0.3.1.355"
66.249.64.5 - - [19/Dec/2013:15:32:56 +0800] "GET /NTRdrBookRetrInfo.aspx?NEWBOOK=newbook&NewBIBNO=463681&BookRecno=7574 HTTP/1.1" 404 168 "-" "Mozilla/5.0 (compatible; Googlebot/2.1; +http://www.google.com/bot.html)"
183.60.140.25 - - [19/Dec/2013:15:33:03 +0800] "HEAD / HTTP/1.1" 200 0 "-" "Mozilla/5.0 (compatible; MSIE 7.0; Windows NT 5.1; .NET CLR 1.1.4322) 360JK yunjiankong"
54.250.120.19 - - [19/Dec/2013:15:33:04 +0800] "HEAD / HTTP/1.1" 200 0 "-" "Mozilla/5.0 (compatible; MSIE 7.0; Windows NT 5.1; .NET CLR 1.1.4322) 360JK yunjiankong"
219.140.194.134 - - [19/Dec/2013:15:33:09 +0800] "GET /favicon.ico HTTP/1.0" 404 570 "-" "Mozilla/5.0 (Windows NT 6.1; WOW64) AppleWebKit/537.1 (KHTML, like Gecko) Chrome/21.0.1180.89 Safari/537.1"
183.60.211.12 - - [19/Dec/2013:15:33:22 +0800] "HEAD / HTTP/1.1" 200 0 "-" "Mozilla/5.0 (compatible; MSIE 7.0; Windows NT 5.1; .NET CLR 1.1.4322) 360JK yunjiankong"
219.140.194.134 - - [19/Dec/2013:15:33:22 +0800] "HEAD / HTTP/1.0" 200 0 "-" "Mozilla/5.0 (compatible; MSIE 7.0; Windows NT 5.1; .NET CLR 1.1.4322) 360JK yunjiankong"
183.60.211.12 - - [19/Dec/2013:15:33:22 +0800] "HEAD / HTTP/1.1" 200 0 "-" "Mozilla/5.0 (compatible; MSIE 7.0; Windows NT 5.1; .NET CLR 1.1.4322) 360JK yunjiankong"
183.60.211.12 - - [19/Dec/2013:15:33:22 +0800] "HEAD / HTTP/1.1" 200 0 "-" "Mozilla/5.0 (compatible; MSIE 7.0; Windows NT 5.1; .NET CLR 1.1.4322) 360JK yunjiankong"
66.249.64.5 - - [19/Dec/2013:15:33:36 +0800] "GET /NTRdrBookRetrInfo.aspx?NEWBOOK=newbook&NewBIBNO=463686&BookRecno=7573 HTTP/1.1" 404 168 "-" "Mozilla/5.0 (compatible; Googlebot/2.1; +http://www.google.com/bot.html)"
66.249.64.4 - - [19/Dec/2013:15:33:39 +0800] "GET /NTRdrBookRetrInfo.aspx?NEWBOOK=newbook&NewBIBNO=463692&BookRecno=7572 HTTP/1.1" 404 168 "-" "Mozilla/5.0 (compatible; Googlebot/2.1; +http://www.google.com/bot.html)"
66.249.64.4 - - [19/Dec/2013:15:33:52 +0800] "GET /NTRdrBookRetrInfo.aspx?NEWBOOK=newbook&NewBIBNO=463695&BookRecno=7571 HTTP/1.1" 404 168 "-" "Mozilla/5.0 (compatible; Googlebot/2.1; +http://www.google.com/bot.html)"
66.249.64.4 - - [19/Dec/2013:15:34:36 +0800] "GET /NTRdrBookRetr.aspx?strType=name&strKeyValue=%E5%AE%9E%E7%94%A8%E5%A4%A7%E5%AD%A6%E7%94%9F%E7%A4%BC%E4%BB%AA%E6%95%99%E7%A8%8B HTTP/1.1" 404 168 "-" "Mozilla/5.0 (compatible; Googlebot/2.1; +http://www.google.com/bot.html)"
66.249.64.5 - - [19/Dec/2013:15:34:52 +0800] "GET /NTRdrBookRetrInfo.aspx?NEWBOOK=newbook&NewBIBNO=463697&BookRecno=7570 HTTP/1.1" 404 168 "-" "Mozilla/5.0 (compatible; Googlebot/2.1; +http://www.google.com/bot.html)"
66.249.64.6 - - [19/Dec/2013:15:34:59 +0800] "GET /NTRdrBookRetrInfo.aspx?NEWBOOK=newbook&NewBIBNO=463698&BookRecno=7569 HTTP/1.1" 404 168 "-" "Mozilla/5.0 (compatible; Googlebot/2.1; +http://www.google.com/bot.html)"
157.56.92.165 - - [19/Dec/2013:15:35:01 +0800] "GET /kns50/download.aspx?filename=DUj9WZKN0R5gUWNxWSr0kWJVUT20GW6N2YX9iMx92KGx2ZhpmaYdDOrVnTxQEatdmYi1GcLdEZwRXe=0zZ510K0Z3ayw2a28Cb0Zzd2MXYhJjRrNkMFNDcoh1QsdmM5YVZFd2VJd3Sxl0Vuh0LXRVVB9ETFF&tablename=CJFD1994 HTTP/1.1" 404 168 "-" "Mozilla/5.0 (compatible; bingbot/2.0; +http://www.bing.com/bingbot.htm)"
219.140.194.134 - - [19/Dec/2013:15:35:09 +0800] "GET /user/register HTTP/1.0" 404 570 "http://lib.whsw.cn/" "Mozilla/4.0 (compatible; MSIE 6.0; Windows NT 5.1; SV1;)"
66.249.64.4 - - [19/Dec/2013:15:35:19 +0800] "GET /NTRdrBookRetrInfo.aspx?NEWBOOK=newbook&NewBIBNO=463699&BookRecno=7568 HTTP/1.1" 404 168 "-" "Mozilla/5.0 (compatible; Googlebot/2.1; +http://www.google.com/bot.html)"
219.140.194.134 - - [19/Dec/2013:15:35:21 +0800] "GET /node/add/tsjg HTTP/1.0" 404 168 "-" "Mozilla/5.0 (Macintosh; Intel Mac OS X 10_6_8) AppleWebKit/534.59.8 (KHTML, like Gecko) Version/5.1.9 Safari/534.59.8"
